
Discarded input sections

 .debug_info    0x00000000      0x383 /tmp/ccVclTsJ.o
 .debug_abbrev  0x00000000      0x1a5 /tmp/ccVclTsJ.o
 .debug_loclists
                0x00000000      0x312 /tmp/ccVclTsJ.o
 .debug_aranges
                0x00000000       0x40 /tmp/ccVclTsJ.o
 .debug_rnglists
                0x00000000      0x109 /tmp/ccVclTsJ.o
 .debug_line    0x00000000      0xb03 /tmp/ccVclTsJ.o
 .debug_str     0x00000000      0x274 /tmp/ccVclTsJ.o
 .debug_line_str
                0x00000000       0xa1 /tmp/ccVclTsJ.o
 .comment       0x00000000       0x23 /tmp/ccVclTsJ.o
 .debug_frame   0x00000000       0x84 /tmp/ccVclTsJ.o
 .riscv.attributes
                0x00000000       0x1c /tmp/ccVclTsJ.o

Memory Configuration

Name             Origin             Length             Attributes
*default*        0x00000000         0xffffffff
FLASH            0x00000000         0x00004000         xr

Linker script and memory map

LOAD /tmp/ccVclTsJ.o
                0x00000000                        . = 0x0

.header         0x00000000       0x10
                0x00000000        0x4 LONG 0x100073
                0x00000004        0x4 LONG 0x0
                0x00000008        0x4 LONG 0x0
                0x0000000c        0x4 LONG 0x0
                0x00000010                        . = 0x10

.text           0x00000010      0x548
 *(.text.startup)
 .text.startup  0x00000010        0x4 /tmp/ccVclTsJ.o
                0x00000010                _start
 *(.text.init_crc32)
 .text.init_crc32
                0x00000014        0x8 /tmp/ccVclTsJ.o
                0x00000014                init_crc32
 *(.text.uninit_crc32)
 .text.uninit_crc32
                0x0000001c        0x8 /tmp/ccVclTsJ.o
                0x0000001c                uninit_crc32
 *(.text.calculate_crc32)
 .text.calculate_crc32
                0x00000024      0x528 /tmp/ccVclTsJ.o
                0x00000024                calculate_crc32
 *(.text.sector_crc32)
 .text.sector_crc32
                0x0000054c        0xc /tmp/ccVclTsJ.o
                0x0000054c                sector_crc32
 *(.text)
 .text          0x00000558        0x0 /tmp/ccVclTsJ.o
 *(.text.*)
                0x00000558                        . = ALIGN (0x4)

.rodata         0x00000560     0x1000
 *(.rodata)
 *(.rodata.*)
 .rodata.crc32_table3
                0x00000560      0x400 /tmp/ccVclTsJ.o
 .rodata.crc32_table2
                0x00000960      0x400 /tmp/ccVclTsJ.o
 .rodata.crc32_table1
                0x00000d60      0x400 /tmp/ccVclTsJ.o
 .rodata.crc32_table0
                0x00001160      0x400 /tmp/ccVclTsJ.o
                0x00001560                        . = ALIGN (0x4)

.data           0x00000000        0x0
 .data          0x00000000        0x0 /tmp/ccVclTsJ.o

.sdata
 *(.sdata)
 *(.sdata.*)

.bss            0x00000000        0x0
 .bss           0x00000000        0x0 /tmp/ccVclTsJ.o
                0x00000000                        . = ALIGN (0x4)

/DISCARD/
 *(.dynamic)
 *(.dynstr)
 *(.dynsym)
 *(.hash)
 *(.gnu.hash)
 *(.gnu.version)
 *(.gnu.version_*)
 *(.got)
 *(.got.*)
 *(.plt)
 *(.plt.*)
 *(.interp)
 *(.note.*)
 *(.comment)
 *(.debug_*)
 *(.eh_frame)
 *(.eh_frame_hdr)
 *(.riscv.attributes)
                0x00000010                        _text_start = ADDR (.text)
                0x00000558                        _text_end = (ADDR (.text) + SIZEOF (.text))
                0x00000560                        _rodata_start = ADDR (.rodata)
                0x00001560                        _rodata_end = (ADDR (.rodata) + SIZEOF (.rodata))
                0x00001560                        _total_size = .
OUTPUT(crc32.elf elf32-littleriscv)
